---
source: crates/mun_codegen/src/test.rs
expression: "pub fn assign(a: i64, b: i64) -> i64 {\n    a = b;\n    a\n}\npub fn assign_add(a: i64, b: i64) -> i64 {\n    a += b;\n    a\n}\npub fn assign_subtract(a: i64, b: i64) -> i64 {\n    a -= b;\n    a\n}\npub fn assign_multiply(a: i64, b: i64) -> i64 {\n    a *= b;\n    a\n}\npub fn assign_divide(a: i64, b: i64) -> i64 {\n    a /= b;\n    a\n}\npub fn assign_remainder(a: i64, b: i64) -> i64 {\n    a %= b;\n    a\n}"
---
; == FILE IR =====================================
; ModuleID = 'main.mun'
source_filename = "main.mun"

%"mun_codegen::ir::types::TypeInfo" = type <{ [0 x i64], [16 x i8], [0 x i64], i8*, [0 x i64], i32, [0 x i64], i8, [0 x i64], i8, [1 x i16] }>

@global_type_table = external global [1 x %"mun_codegen::ir::types::TypeInfo"*]

define i64 @assign(i64, i64) {
body:
  ret i64 %1
}

define i64 @assign_add(i64, i64) {
body:
  %add = add i64 %0, %1
  ret i64 %add
}

define i64 @assign_subtract(i64, i64) {
body:
  %sub = sub i64 %0, %1
  ret i64 %sub
}

define i64 @assign_multiply(i64, i64) {
body:
  %mul = mul i64 %0, %1
  ret i64 %mul
}

define i64 @assign_divide(i64, i64) {
body:
  %div = sdiv i64 %0, %1
  ret i64 %div
}

define i64 @assign_remainder(i64, i64) {
body:
  %rem = srem i64 %0, %1
  ret i64 %rem
}


; == GROUP IR ====================================
; ModuleID = 'group_name'
source_filename = "group_name"

%"mun_codegen::ir::types::TypeInfo" = type <{ [0 x i64], [16 x i8], [0 x i64], i8*, [0 x i64], i32, [0 x i64], i8, [0 x i64], i8, [1 x i16] }>

@"type_info::<core::i64>::name" = private unnamed_addr constant [10 x i8] c"core::i64\00"
@"type_info::<core::i64>" = private unnamed_addr constant %"mun_codegen::ir::types::TypeInfo" <{ [0 x i64] zeroinitializer, [16 x i8] c"G\13;t\97j8\18\D7M\83`\1D\C8\19%", [0 x i64] zeroinitializer, i8* getelementptr inbounds ([10 x i8], [10 x i8]* @"type_info::<core::i64>::name", i32 0, i32 0), [0 x i64] zeroinitializer, i32 64, [0 x i64] zeroinitializer, i8 8, [0 x i64] zeroinitializer, i8 0, [1 x i16] zeroinitializer }>
@global_type_table = constant [1 x %"mun_codegen::ir::types::TypeInfo"*] [%"mun_codegen::ir::types::TypeInfo"* @"type_info::<core::i64>"]

