---
source: crates/mun_codegen/src/test.rs
expression: "\n    pub fn leftshift(a: u64, b: u64) -> u64 { a << b }\n    pub fn rightshift(a: u64, b: u64) -> u64 { a >> b }\n                        "
---
; == FILE IR (mod) =====================================
; ModuleID = 'mod'
source_filename = "mod"

%"mun_codegen::ir::types::TypeInfo" = type <{ [0 x i64], [16 x i8], [0 x i64], i8*, [0 x i64], i32, [0 x i64], i8, [0 x i64], i8, [1 x i16] }>

@global_type_table = external global [1 x %"mun_codegen::ir::types::TypeInfo"*]

define i64 @leftshift(i64 %0, i64 %1) {
body:
  %left_shift = shl i64 %0, %1
  ret i64 %left_shift
}

define i64 @rightshift(i64 %0, i64 %1) {
body:
  %right_shift = lshr i64 %0, %1
  ret i64 %right_shift
}

; == GROUP IR (mod) ====================================
; ModuleID = 'group_name'
source_filename = "group_name"

%"mun_codegen::ir::types::TypeInfo" = type <{ [0 x i64], [16 x i8], [0 x i64], i8*, [0 x i64], i32, [0 x i64], i8, [0 x i64], i8, [1 x i16] }>

@"type_info::<core::u64>::name" = private unnamed_addr constant [10 x i8] c"core::u64\00"
@"type_info::<core::u64>" = private unnamed_addr constant %"mun_codegen::ir::types::TypeInfo" <{ [0 x i64] zeroinitializer, [16 x i8] c"\A6\E7g \D1\8B\1Aq`\1F\1E\07\BB5@q", [0 x i64] zeroinitializer, i8* getelementptr inbounds ([10 x i8], [10 x i8]* @"type_info::<core::u64>::name", i32 0, i32 0), [0 x i64] zeroinitializer, i32 64, [0 x i64] zeroinitializer, i8 8, [0 x i64] zeroinitializer, i8 0, [1 x i16] zeroinitializer }>
@global_type_table = constant [1 x %"mun_codegen::ir::types::TypeInfo"*] [%"mun_codegen::ir::types::TypeInfo"* @"type_info::<core::u64>"]

