---
source: crates/mun_codegen/src/test.rs
expression: "pub fn not(a: u32) -> u32 { !a }\npub fn bitand(a: u32, b: u32) -> u32 { a & b }\npub fn bitor(a: u32, b: u32) -> u32 { a | b }\npub fn bitxor(a: u32, b: u32) -> u32 { a ^ b }"
---
; == FILE IR =====================================
; ModuleID = 'main.mun'
source_filename = "main.mun"

%"mun_codegen::ir::types::TypeInfo" = type <{ [0 x i64], [16 x i8], [0 x i64], i8*, [0 x i64], i32, [0 x i64], i8, [0 x i64], i8, [1 x i16] }>

@global_type_table = external global [1 x %"mun_codegen::ir::types::TypeInfo"*]

define i32 @not(i32) {
body:
  %not = xor i32 %0, -1
  ret i32 %not
}

define i32 @bitand(i32, i32) {
body:
  %bit_and = and i32 %0, %1
  ret i32 %bit_and
}

define i32 @bitor(i32, i32) {
body:
  %bit_or = or i32 %0, %1
  ret i32 %bit_or
}

define i32 @bitxor(i32, i32) {
body:
  %bit_xor = xor i32 %0, %1
  ret i32 %bit_xor
}


; == GROUP IR ====================================
; ModuleID = 'group_name'
source_filename = "group_name"

%"mun_codegen::ir::types::TypeInfo" = type <{ [0 x i64], [16 x i8], [0 x i64], i8*, [0 x i64], i32, [0 x i64], i8, [0 x i64], i8, [1 x i16] }>

@"type_info::<core::u32>::name" = private unnamed_addr constant [10 x i8] c"core::u32\00"
@"type_info::<core::u32>" = private unnamed_addr constant %"mun_codegen::ir::types::TypeInfo" <{ [0 x i64] zeroinitializer, [16 x i8] c"daz5d\A6\BE\88\81=&Y\A1+\C6\1D", [0 x i64] zeroinitializer, i8* getelementptr inbounds ([10 x i8], [10 x i8]* @"type_info::<core::u32>::name", i32 0, i32 0), [0 x i64] zeroinitializer, i32 32, [0 x i64] zeroinitializer, i8 4, [0 x i64] zeroinitializer, i8 0, [1 x i16] zeroinitializer }>
@global_type_table = constant [1 x %"mun_codegen::ir::types::TypeInfo"*] [%"mun_codegen::ir::types::TypeInfo"* @"type_info::<core::u32>"]

