---
source: crates/mun_codegen/src/test.rs
expression: "pub fn add(a: i8, b: i8) -> i8 { a + b }\npub fn subtract(a: i8, b: i8) -> i8 { a - b }\npub fn multiply(a: i8, b: i8) -> i8 { a * b }\npub fn divide(a: i8, b: i8) -> i8 { a / b }\npub fn remainder(a: i8, b: i8) -> i8 { a % b }"
---
; == FILE IR =====================================
; ModuleID = 'mod'
source_filename = "mod"

%"mun_codegen::ir::types::TypeInfo" = type <{ [0 x i64], [16 x i8], [0 x i64], i8*, [0 x i64], i32, [0 x i64], i8, [0 x i64], i8, [1 x i16] }>

@global_type_table = external global [1 x %"mun_codegen::ir::types::TypeInfo"*]

define i8 @add(i8 %0, i8 %1) {
body:
  %add = add i8 %0, %1
  ret i8 %add
}

define i8 @subtract(i8 %0, i8 %1) {
body:
  %sub = sub i8 %0, %1
  ret i8 %sub
}

define i8 @multiply(i8 %0, i8 %1) {
body:
  %mul = mul i8 %0, %1
  ret i8 %mul
}

define i8 @divide(i8 %0, i8 %1) {
body:
  %div = sdiv i8 %0, %1
  ret i8 %div
}

define i8 @remainder(i8 %0, i8 %1) {
body:
  %rem = srem i8 %0, %1
  ret i8 %rem
}


; == GROUP IR ====================================
; ModuleID = 'group_name'
source_filename = "group_name"

%"mun_codegen::ir::types::TypeInfo" = type <{ [0 x i64], [16 x i8], [0 x i64], i8*, [0 x i64], i32, [0 x i64], i8, [0 x i64], i8, [1 x i16] }>

@"type_info::<core::i8>::name" = private unnamed_addr constant [9 x i8] c"core::i8\00"
@"type_info::<core::i8>" = private unnamed_addr constant %"mun_codegen::ir::types::TypeInfo" <{ [0 x i64] zeroinitializer, [16 x i8] c"\EF\C4\B1Z\E7\12\B1\91q\F1\0B\80U\FC\A6\0F", [0 x i64] zeroinitializer, i8* getelementptr inbounds ([9 x i8], [9 x i8]* @"type_info::<core::i8>::name", i32 0, i32 0), [0 x i64] zeroinitializer, i32 8, [0 x i64] zeroinitializer, i8 1, [0 x i64] zeroinitializer, i8 0, [1 x i16] zeroinitializer }>
@global_type_table = constant [1 x %"mun_codegen::ir::types::TypeInfo"*] [%"mun_codegen::ir::types::TypeInfo"* @"type_info::<core::i8>"]

