---
source: crates/mun_codegen/src/test.rs
expression: "pub fn negate(a: f32) -> f32 { -a }"
---
; == FILE IR =====================================
; ModuleID = 'main.mun'
source_filename = "main.mun"

%"mun_codegen::ir::types::TypeInfo" = type <{ [0 x i64], [16 x i8], [0 x i64], i8*, [0 x i64], i32, [0 x i64], i8, [0 x i64], i8, [1 x i16] }>

@global_type_table = external global [1 x %"mun_codegen::ir::types::TypeInfo"*]

define float @negate(float) {
body:
  %neg = fsub float -0.000000e+00, %0
  ret float %neg
}


; == GROUP IR ====================================
; ModuleID = 'group_name'
source_filename = "group_name"

%"mun_codegen::ir::types::TypeInfo" = type <{ [0 x i64], [16 x i8], [0 x i64], i8*, [0 x i64], i32, [0 x i64], i8, [0 x i64], i8, [1 x i16] }>

@"type_info::<core::f32>::name" = private unnamed_addr constant [10 x i8] c"core::f32\00"
@"type_info::<core::f32>" = private unnamed_addr constant %"mun_codegen::ir::types::TypeInfo" <{ [0 x i64] zeroinitializer, [16 x i8] c"P\19b7\A8k\F2\81P\FB\83\F5P\B0\82!", [0 x i64] zeroinitializer, i8* getelementptr inbounds ([10 x i8], [10 x i8]* @"type_info::<core::f32>::name", i32 0, i32 0), [0 x i64] zeroinitializer, i32 32, [0 x i64] zeroinitializer, i8 4, [0 x i64] zeroinitializer, i8 0, [1 x i16] zeroinitializer }>
@global_type_table = constant [1 x %"mun_codegen::ir::types::TypeInfo"*] [%"mun_codegen::ir::types::TypeInfo"* @"type_info::<core::f32>"]

