---
source: crates/mun_codegen/src/test.rs
expression: "\n    pub fn not(a: u8) -> u8 { !a }\n    pub fn bitand(a: u8, b: u8) -> u8 { a & b }\n    pub fn bitor(a: u8, b: u8) -> u8 { a | b }\n    pub fn bitxor(a: u8, b: u8) -> u8 { a ^ b }\n                        "
---
; == FILE IR (mod) =====================================
; ModuleID = 'mod'
source_filename = "mod"

%"mun_codegen::ir::types::TypeInfo" = type <{ [0 x i64], [16 x i8], [0 x i64], i8*, [0 x i64], i32, [0 x i64], i8, [0 x i64], i8, [1 x i16] }>

@global_type_table = external global [1 x %"mun_codegen::ir::types::TypeInfo"*]

define i8 @not(i8 %0) {
body:
  %not = xor i8 %0, -1
  ret i8 %not
}

define i8 @bitand(i8 %0, i8 %1) {
body:
  %bit_and = and i8 %0, %1
  ret i8 %bit_and
}

define i8 @bitor(i8 %0, i8 %1) {
body:
  %bit_or = or i8 %0, %1
  ret i8 %bit_or
}

define i8 @bitxor(i8 %0, i8 %1) {
body:
  %bit_xor = xor i8 %0, %1
  ret i8 %bit_xor
}

; == GROUP IR (mod) ====================================
; ModuleID = 'group_name'
source_filename = "group_name"

%"mun_codegen::ir::types::TypeInfo" = type <{ [0 x i64], [16 x i8], [0 x i64], i8*, [0 x i64], i32, [0 x i64], i8, [0 x i64], i8, [1 x i16] }>

@"type_info::<core::u8>::name" = private unnamed_addr constant [9 x i8] c"core::u8\00"
@"type_info::<core::u8>" = private unnamed_addr constant %"mun_codegen::ir::types::TypeInfo" <{ [0 x i64] zeroinitializer, [16 x i8] c"\A0y\A7S\B6(n\F7f&H\E1\F9\AD\04>", [0 x i64] zeroinitializer, i8* getelementptr inbounds ([9 x i8], [9 x i8]* @"type_info::<core::u8>::name", i32 0, i32 0), [0 x i64] zeroinitializer, i32 8, [0 x i64] zeroinitializer, i8 1, [0 x i64] zeroinitializer, i8 0, [1 x i16] zeroinitializer }>
@global_type_table = constant [1 x %"mun_codegen::ir::types::TypeInfo"*] [%"mun_codegen::ir::types::TypeInfo"* @"type_info::<core::u8>"]

