---
source: crates/mun_codegen/src/test.rs
expression: "extern fn add(a:i32, b:i32) -> i32;\npub fn main() {\n    add(3,4);\n}"
---
; == FILE IR =====================================
; ModuleID = 'main.mun'
source_filename = "main.mun"

%DispatchTable = type { i32 (i32, i32)* }
%"mun_codegen::ir::types::TypeInfo" = type <{ [0 x i64], [16 x i8], [0 x i64], i8*, [0 x i64], i32, [0 x i64], i8, [0 x i64], i8, [1 x i16] }>

@dispatchTable = external global %DispatchTable
@global_type_table = external global [1 x %"mun_codegen::ir::types::TypeInfo"*]

define void @main() {
body:
  %add_ptr = load i32 (i32, i32)*, i32 (i32, i32)** getelementptr inbounds (%DispatchTable, %DispatchTable* @dispatchTable, i32 0, i32 0)
  %add = call i32 %add_ptr(i32 3, i32 4)
  ret void
}


; == GROUP IR ====================================
; ModuleID = 'group_name'
source_filename = "group_name"

%DispatchTable = type { i32 (i32, i32)* }
%"mun_codegen::ir::types::TypeInfo" = type <{ [0 x i64], [16 x i8], [0 x i64], i8*, [0 x i64], i32, [0 x i64], i8, [0 x i64], i8, [1 x i16] }>

@dispatchTable = global %DispatchTable zeroinitializer
@"type_info::<core::i32>::name" = private unnamed_addr constant [10 x i8] c"core::i32\00"
@"type_info::<core::i32>" = private unnamed_addr constant %"mun_codegen::ir::types::TypeInfo" <{ [0 x i64] zeroinitializer, [16 x i8] c"\17yzt\19\D62\17\D25\95C\17\88[\FA", [0 x i64] zeroinitializer, i8* getelementptr inbounds ([10 x i8], [10 x i8]* @"type_info::<core::i32>::name", i32 0, i32 0), [0 x i64] zeroinitializer, i32 32, [0 x i64] zeroinitializer, i8 4, [0 x i64] zeroinitializer, i8 0, [1 x i16] zeroinitializer }>
@global_type_table = constant [1 x %"mun_codegen::ir::types::TypeInfo"*] [%"mun_codegen::ir::types::TypeInfo"* @"type_info::<core::i32>"]

