---
source: crates/mun_codegen/src/test.rs
expression: "fn do_the_things(n: i32) -> i32 {\n    n + 7\n}\n\npub fn main() {\n    do_the_things(3);\n}"

---
; == FILE IR =====================================

define i32 @do_the_things(i32 %0) {
body:
  %add = add i32 %0, 7
  ret i32 %add
}

define void @main() {
body:
  %do_the_things = call i32 @do_the_things(i32 3)
  ret void
}


; == GROUP IR ====================================
; ModuleID = 'group_name'
source_filename = "group_name"

