---
source: crates/mun_codegen/src/test.rs
expression: "pub fn main(a:i32) -> i32 {\n    if a > 4 {\n        return a;\n    }\n    a - 1\n}"
---
; == FILE IR =====================================
; ModuleID = 'main.mun'
source_filename = "main.mun"

%"mun_codegen::ir::types::TypeInfo" = type <{ [0 x i64], [16 x i8], [0 x i64], i8*, [0 x i64], i32, [0 x i64], i8, [0 x i64], i8, [1 x i16] }>

@global_type_table = external global [1 x %"mun_codegen::ir::types::TypeInfo"*]

define i32 @main(i32) {
body:
  %greater = icmp sgt i32 %0, 4
  br i1 %greater, label %then, label %if_merge

then:                                             ; preds = %body
  ret i32 %0

if_merge:                                         ; preds = %body
  %sub = sub i32 %0, 1
  ret i32 %sub
}


; == GROUP IR ====================================
; ModuleID = 'group_name'
source_filename = "group_name"

%"mun_codegen::ir::types::TypeInfo" = type <{ [0 x i64], [16 x i8], [0 x i64], i8*, [0 x i64], i32, [0 x i64], i8, [0 x i64], i8, [1 x i16] }>

@"type_info::<core::i32>::name" = private unnamed_addr constant [10 x i8] c"core::i32\00"
@"type_info::<core::i32>" = private unnamed_addr constant %"mun_codegen::ir::types::TypeInfo" <{ [0 x i64] zeroinitializer, [16 x i8] c"\17yzt\19\D62\17\D25\95C\17\88[\FA", [0 x i64] zeroinitializer, i8* getelementptr inbounds ([10 x i8], [10 x i8]* @"type_info::<core::i32>::name", i32 0, i32 0), [0 x i64] zeroinitializer, i32 32, [0 x i64] zeroinitializer, i8 4, [0 x i64] zeroinitializer, i8 0, [1 x i16] zeroinitializer }>
@global_type_table = constant [1 x %"mun_codegen::ir::types::TypeInfo"*] [%"mun_codegen::ir::types::TypeInfo"* @"type_info::<core::i32>"]

