---
source: crates/mun_codegen/src/test.rs
expression: "\n    pub fn negate(a: i64) -> i64 { -a }\n                        "
---
; == FILE IR (mod) =====================================
; ModuleID = 'mod'
source_filename = "mod"

%"mun_codegen::ir::types::TypeInfo" = type <{ [0 x i64], [16 x i8], [0 x i64], i8*, [0 x i64], i32, [0 x i64], i8, [0 x i64], i8, [1 x i16] }>

@global_type_table = external global [1 x %"mun_codegen::ir::types::TypeInfo"*]

define i64 @negate(i64 %0) {
body:
  %neg = sub i64 0, %0
  ret i64 %neg
}

; == GROUP IR (mod) ====================================
; ModuleID = 'group_name'
source_filename = "group_name"

%"mun_codegen::ir::types::TypeInfo" = type <{ [0 x i64], [16 x i8], [0 x i64], i8*, [0 x i64], i32, [0 x i64], i8, [0 x i64], i8, [1 x i16] }>

@"type_info::<core::i64>::name" = private unnamed_addr constant [10 x i8] c"core::i64\00"
@"type_info::<core::i64>" = private unnamed_addr constant %"mun_codegen::ir::types::TypeInfo" <{ [0 x i64] zeroinitializer, [16 x i8] c"G\13;t\97j8\18\D7M\83`\1D\C8\19%", [0 x i64] zeroinitializer, i8* getelementptr inbounds ([10 x i8], [10 x i8]* @"type_info::<core::i64>::name", i32 0, i32 0), [0 x i64] zeroinitializer, i32 64, [0 x i64] zeroinitializer, i8 8, [0 x i64] zeroinitializer, i8 0, [1 x i16] zeroinitializer }>
@global_type_table = constant [1 x %"mun_codegen::ir::types::TypeInfo"*] [%"mun_codegen::ir::types::TypeInfo"* @"type_info::<core::i64>"]

