---
source: crates/mun_codegen/src/test.rs
expression: "pub fn leftshift(a: u32, b: u32) -> u32 { a << b }\npub fn rightshift(a: u32, b: u32) -> u32 { a >> b }"
---
; == FILE IR =====================================

%"mun_codegen::ir::types::TypeInfo" = type <{ [0 x i64], [16 x i8], [0 x i64], i8*, [0 x i64], i32, [0 x i64], i8, [0 x i64], i8, [1 x i16] }>

@global_type_table = external global [1 x %"mun_codegen::ir::types::TypeInfo"*]

define i32 @leftshift(i32 %0, i32 %1) {
body:
  %left_shift = shl i32 %0, %1
  ret i32 %left_shift
}

define i32 @rightshift(i32 %0, i32 %1) {
body:
  %right_shift = lshr i32 %0, %1
  ret i32 %right_shift
}


; == GROUP IR ====================================
; ModuleID = 'group_name'
source_filename = "group_name"

%"mun_codegen::ir::types::TypeInfo" = type <{ [0 x i64], [16 x i8], [0 x i64], i8*, [0 x i64], i32, [0 x i64], i8, [0 x i64], i8, [1 x i16] }>

@"type_info::<core::u32>::name" = private unnamed_addr constant [10 x i8] c"core::u32\00"
@"type_info::<core::u32>" = private unnamed_addr constant %"mun_codegen::ir::types::TypeInfo" <{ [0 x i64] zeroinitializer, [16 x i8] c"daz5d\A6\BE\88\81=&Y\A1+\C6\1D", [0 x i64] zeroinitializer, i8* getelementptr inbounds ([10 x i8], [10 x i8]* @"type_info::<core::u32>::name", i32 0, i32 0), [0 x i64] zeroinitializer, i32 32, [0 x i64] zeroinitializer, i8 4, [0 x i64] zeroinitializer, i8 0, [1 x i16] zeroinitializer }>
@global_type_table = constant [1 x %"mun_codegen::ir::types::TypeInfo"*] [%"mun_codegen::ir::types::TypeInfo"* @"type_info::<core::u32>"]

