---
source: crates/mun_codegen/src/test.rs
expression: "pub fn foo() {\n    loop {}\n}"
---
; == FILE IR =====================================
; ModuleID = 'mod'
source_filename = "mod"

define void @foo() {
body:
  br label %loop

loop:                                             ; preds = %loop, %body
  br label %loop
}


; == GROUP IR ====================================
; ModuleID = 'group_name'
source_filename = "group_name"

