---
source: crates/mun_codegen/src/test.rs
expression: "extern fn other() -> i32;\n\nfn private_fn(a: i32) -> f32 {\n    private_fn(a)\n}\n\npub fn main() -> f32 {\n    private_fn(other())\n}"

---
; == FILE IR =====================================
; ModuleID = 'mod'
source_filename = "mod"

%DispatchTable = type { i32 ()* }
%"mun_codegen::ir::types::TypeInfo" = type <{ [0 x i64], [16 x i8], [0 x i64], i8*, [0 x i64], i32, [0 x i64], i8, [0 x i64], i8, [1 x i16] }>

@dispatchTable = external global %DispatchTable
@global_type_table = external global [2 x %"mun_codegen::ir::types::TypeInfo"*]

define float @private_fn(i32 %0) {
body:
  %private_fn = call float @private_fn(i32 %0)
  ret float %private_fn
}

define float @main() {
body:
  %other_ptr = load i32 ()*, i32 ()** getelementptr inbounds (%DispatchTable, %DispatchTable* @dispatchTable, i32 0, i32 0), align 8
  %other = call i32 %other_ptr()
  %private_fn = call float @private_fn(i32 %other)
  ret float %private_fn
}


; == GROUP IR ====================================
; ModuleID = 'group_name'
source_filename = "group_name"

%DispatchTable = type { i32 ()* }
%"mun_codegen::ir::types::TypeInfo" = type <{ [0 x i64], [16 x i8], [0 x i64], i8*, [0 x i64], i32, [0 x i64], i8, [0 x i64], i8, [1 x i16] }>

@dispatchTable = global %DispatchTable zeroinitializer
@"type_info::<core::i32>::name" = private unnamed_addr constant [10 x i8] c"core::i32\00"
@"type_info::<core::i32>" = private unnamed_addr constant %"mun_codegen::ir::types::TypeInfo" <{ [0 x i64] zeroinitializer, [16 x i8] c"\17yzt\19\D62\17\D25\95C\17\88[\FA", [0 x i64] zeroinitializer, i8* getelementptr inbounds ([10 x i8], [10 x i8]* @"type_info::<core::i32>::name", i32 0, i32 0), [0 x i64] zeroinitializer, i32 32, [0 x i64] zeroinitializer, i8 4, [0 x i64] zeroinitializer, i8 0, [1 x i16] zeroinitializer }>
@"type_info::<core::f32>::name" = private unnamed_addr constant [10 x i8] c"core::f32\00"
@"type_info::<core::f32>" = private unnamed_addr constant %"mun_codegen::ir::types::TypeInfo" <{ [0 x i64] zeroinitializer, [16 x i8] c"P\19b7\A8k\F2\81P\FB\83\F5P\B0\82!", [0 x i64] zeroinitializer, i8* getelementptr inbounds ([10 x i8], [10 x i8]* @"type_info::<core::f32>::name", i32 0, i32 0), [0 x i64] zeroinitializer, i32 32, [0 x i64] zeroinitializer, i8 4, [0 x i64] zeroinitializer, i8 0, [1 x i16] zeroinitializer }>
@global_type_table = constant [2 x %"mun_codegen::ir::types::TypeInfo"*] [%"mun_codegen::ir::types::TypeInfo"* @"type_info::<core::i32>", %"mun_codegen::ir::types::TypeInfo"* @"type_info::<core::f32>"]

