---
source: crates/mun_codegen/src/test.rs
expression: "pub fn not(a: u16) -> u16 { !a }\npub fn bitand(a: u16, b: u16) -> u16 { a & b }\npub fn bitor(a: u16, b: u16) -> u16 { a | b }\npub fn bitxor(a: u16, b: u16) -> u16 { a ^ b }"
---
; == FILE IR =====================================

%"mun_codegen::ir::types::TypeInfo" = type <{ [0 x i64], [16 x i8], [0 x i64], i8*, [0 x i64], i32, [0 x i64], i8, [0 x i64], i8, [1 x i16] }>

@global_type_table = external global [1 x %"mun_codegen::ir::types::TypeInfo"*]

define i16 @not(i16 %0) {
body:
  %not = xor i16 %0, -1
  ret i16 %not
}

define i16 @bitand(i16 %0, i16 %1) {
body:
  %bit_and = and i16 %0, %1
  ret i16 %bit_and
}

define i16 @bitor(i16 %0, i16 %1) {
body:
  %bit_or = or i16 %0, %1
  ret i16 %bit_or
}

define i16 @bitxor(i16 %0, i16 %1) {
body:
  %bit_xor = xor i16 %0, %1
  ret i16 %bit_xor
}


; == GROUP IR ====================================
; ModuleID = 'group_name'
source_filename = "group_name"

%"mun_codegen::ir::types::TypeInfo" = type <{ [0 x i64], [16 x i8], [0 x i64], i8*, [0 x i64], i32, [0 x i64], i8, [0 x i64], i8, [1 x i16] }>

@"type_info::<core::u16>::name" = private unnamed_addr constant [10 x i8] c"core::u16\00"
@"type_info::<core::u16>" = private unnamed_addr constant %"mun_codegen::ir::types::TypeInfo" <{ [0 x i64] zeroinitializer, [16 x i8] c"0\01\BC\BBK\E0\F2\7F&l\01\CD|q\F2\B3", [0 x i64] zeroinitializer, i8* getelementptr inbounds ([10 x i8], [10 x i8]* @"type_info::<core::u16>::name", i32 0, i32 0), [0 x i64] zeroinitializer, i32 16, [0 x i64] zeroinitializer, i8 2, [0 x i64] zeroinitializer, i8 0, [1 x i16] zeroinitializer }>
@global_type_table = constant [1 x %"mun_codegen::ir::types::TypeInfo"*] [%"mun_codegen::ir::types::TypeInfo"* @"type_info::<core::u16>"]

