---
source: crates/mun_codegen/src/test.rs
expression: "\n    pub fn equals(a: f64, b: f64) -> bool { a == b }\n    pub fn not_equal(a: f64, b: f64) -> bool { a != b}\n    pub fn less(a: f64, b: f64) -> bool { a < b }\n    pub fn less_equal(a: f64, b: f64) -> bool { a <= b }\n    pub fn greater(a: f64, b: f64) -> bool { a > b }\n    pub fn greater_equal(a: f64, b: f64) -> bool { a >= b }\n                        "
---
; == FILE IR (mod) =====================================
; ModuleID = 'mod'
source_filename = "mod"

%"mun_codegen::ir::types::TypeInfo" = type <{ [0 x i64], [16 x i8], [0 x i64], i8*, [0 x i64], i32, [0 x i64], i8, [0 x i64], i8, [1 x i16] }>

@global_type_table = external global [2 x %"mun_codegen::ir::types::TypeInfo"*]

define i1 @equals(double %0, double %1) {
body:
  %eq = fcmp oeq double %0, %1
  ret i1 %eq
}

define i1 @not_equal(double %0, double %1) {
body:
  %neq = fcmp one double %0, %1
  ret i1 %neq
}

define i1 @less(double %0, double %1) {
body:
  %less = fcmp olt double %0, %1
  ret i1 %less
}

define i1 @less_equal(double %0, double %1) {
body:
  %lesseq = fcmp ole double %0, %1
  ret i1 %lesseq
}

define i1 @greater(double %0, double %1) {
body:
  %greater = fcmp ogt double %0, %1
  ret i1 %greater
}

define i1 @greater_equal(double %0, double %1) {
body:
  %greatereq = fcmp oge double %0, %1
  ret i1 %greatereq
}

; == GROUP IR (mod) ====================================
; ModuleID = 'group_name'
source_filename = "group_name"

%"mun_codegen::ir::types::TypeInfo" = type <{ [0 x i64], [16 x i8], [0 x i64], i8*, [0 x i64], i32, [0 x i64], i8, [0 x i64], i8, [1 x i16] }>

@"type_info::<core::f64>::name" = private unnamed_addr constant [10 x i8] c"core::f64\00"
@"type_info::<core::f64>" = private unnamed_addr constant %"mun_codegen::ir::types::TypeInfo" <{ [0 x i64] zeroinitializer, [16 x i8] c"`\DBF\9C?YJ%G\AD4\9F\D5\92%A", [0 x i64] zeroinitializer, i8* getelementptr inbounds ([10 x i8], [10 x i8]* @"type_info::<core::f64>::name", i32 0, i32 0), [0 x i64] zeroinitializer, i32 64, [0 x i64] zeroinitializer, i8 8, [0 x i64] zeroinitializer, i8 0, [1 x i16] zeroinitializer }>
@"type_info::<core::bool>::name" = private unnamed_addr constant [11 x i8] c"core::bool\00"
@"type_info::<core::bool>" = private unnamed_addr constant %"mun_codegen::ir::types::TypeInfo" <{ [0 x i64] zeroinitializer, [16 x i8] c"x\82\81m t7\03\CB\F8k\81-;\C9\84", [0 x i64] zeroinitializer, i8* getelementptr inbounds ([11 x i8], [11 x i8]* @"type_info::<core::bool>::name", i32 0, i32 0), [0 x i64] zeroinitializer, i32 1, [0 x i64] zeroinitializer, i8 1, [0 x i64] zeroinitializer, i8 0, [1 x i16] zeroinitializer }>
@global_type_table = constant [2 x %"mun_codegen::ir::types::TypeInfo"*] [%"mun_codegen::ir::types::TypeInfo"* @"type_info::<core::f64>", %"mun_codegen::ir::types::TypeInfo"* @"type_info::<core::bool>"]

