---
source: crates/mun_codegen/src/test.rs
expression: "struct(gc) Foo { a: i32, b: i32 };\n\npub fn foo() {\n    let a = Foo { a: 3, b: 4 };\n    a.b += 3;\n    let b = a;\n}"
---
; == FILE IR =====================================
; ModuleID = 'main.mun'
source_filename = "main.mun"

%DispatchTable = type { i8* addrspace(4)* (i8 addrspace(4)*, i8*)* }
%struct.MunTypeInfo = type { [16 x i8], i8*, i32, i8, i8 }
%Foo = type { i32, i32 }

@allocatorHandle = external global i8*
@dispatchTable = external global %DispatchTable
@global_type_table = external global [5 x %struct.MunTypeInfo addrspace(4)*]

define void @foo() {
body:
  %b5 = alloca %Foo* addrspace(4)*
  %a = alloca %Foo* addrspace(4)*
  %new_ptr = load i8* addrspace(4)* (i8 addrspace(4)*, i8*)*, i8* addrspace(4)* (i8 addrspace(4)*, i8*)** getelementptr inbounds (%DispatchTable, %DispatchTable* @dispatchTable, i32 0, i32 0)
  %Foo_ptr = load %struct.MunTypeInfo addrspace(4)*, %struct.MunTypeInfo addrspace(4)** getelementptr inbounds ([5 x %struct.MunTypeInfo addrspace(4)*], [5 x %struct.MunTypeInfo addrspace(4)*]* @global_type_table, i32 0, i32 0)
  %type_info_ptr_to_i8_ptr = bitcast %struct.MunTypeInfo addrspace(4)* %Foo_ptr to i8 addrspace(4)*
  %allocator_handle = load i8*, i8** @allocatorHandle
  %new = call i8* addrspace(4)* %new_ptr(i8 addrspace(4)* %type_info_ptr_to_i8_ptr, i8* %allocator_handle)
  %Foo_ptr_ptr = bitcast i8* addrspace(4)* %new to %Foo* addrspace(4)*
  %Foo_mem_ptr = load %Foo*, %Foo* addrspace(4)* %Foo_ptr_ptr
  store %Foo { i32 3, i32 4 }, %Foo* %Foo_mem_ptr
  store %Foo* addrspace(4)* %Foo_ptr_ptr, %Foo* addrspace(4)** %a
  %mem_ptr = load %Foo* addrspace(4)*, %Foo* addrspace(4)** %a
  %deref = load %Foo*, %Foo* addrspace(4)* %mem_ptr
  %Foo.b = getelementptr inbounds %Foo, %Foo* %deref, i32 0, i32 1
  %b = load i32, i32* %Foo.b
  %add = add i32 %b, 3
  %mem_ptr1 = load %Foo* addrspace(4)*, %Foo* addrspace(4)** %a
  %deref2 = load %Foo*, %Foo* addrspace(4)* %mem_ptr1
  %Foo.b3 = getelementptr inbounds %Foo, %Foo* %deref2, i32 0, i32 1
  store i32 %add, i32* %Foo.b3
  %a4 = load %Foo* addrspace(4)*, %Foo* addrspace(4)** %a
  store %Foo* addrspace(4)* %a4, %Foo* addrspace(4)** %b5
  ret void
}


; == GROUP IR ====================================
; ModuleID = 'group_name'
source_filename = "group_name"

%DispatchTable = type { i8* addrspace(4)* (i8 addrspace(4)*, i8*)* }
%struct.MunTypeInfo = type { [16 x i8], i8*, i32, i8, i8 }
%struct.MunStructInfo = type { i8**, %struct.MunTypeInfo**, i16*, i16, i8 }

@dispatchTable = global %DispatchTable zeroinitializer
@"type_info::<Foo>::name" = private unnamed_addr constant [4 x i8] c"Foo\00"
@"struct_info::<Foo>::field_names.0" = private unnamed_addr constant [2 x i8] c"a\00"
@"struct_info::<Foo>::field_names.1" = private unnamed_addr constant [2 x i8] c"b\00"
@"struct_info::<Foo>::field_names" = private unnamed_addr constant [2 x i8*] [i8* @"struct_info::<Foo>::field_names.0", i8* @"struct_info::<Foo>::field_names.1"]
@"type_info::<core::i32>::name" = private unnamed_addr constant [10 x i8] c"core::i32\00"
@"type_info::<core::i32>" = private unnamed_addr constant %struct.MunTypeInfo { [16 x i8] c"\17yzt\19\D62\17\D25\95C\17\88[\FA", [10 x i8]* @"type_info::<core::i32>::name", i32 32, i8 4, i8 0 }
@"struct_info::<Foo>::field_types" = private unnamed_addr constant [2 x %struct.MunTypeInfo addrspace(4)*] [%struct.MunTypeInfo addrspace(4)* @"type_info::<core::i32>", %struct.MunTypeInfo addrspace(4)* @"type_info::<core::i32>"]
@"struct_info::<Foo>::field_offsets" = private unnamed_addr constant [2 x i16] [i16 0, i16 4]
@"type_info::<Foo>" = private unnamed_addr constant { %struct.MunTypeInfo, %struct.MunStructInfo } { %struct.MunTypeInfo { [16 x i8] c"\03\FC\D1_\DB\DB\0AJ1r,\F0m\CBQ\D0", [4 x i8]* @"type_info::<Foo>::name", i32 64, i8 4, i8 1 }, %struct.MunStructInfo { [2 x i8*]* @"struct_info::<Foo>::field_names", [2 x %struct.MunTypeInfo addrspace(4)*]* @"struct_info::<Foo>::field_types", [2 x i16]* @"struct_info::<Foo>::field_offsets", i16 2, i8 0 } }
@"type_info::<*const TypeInfo>::name" = private unnamed_addr constant [16 x i8] c"*const TypeInfo\00"
@"type_info::<*const TypeInfo>" = private unnamed_addr constant %struct.MunTypeInfo { [16 x i8] c"=\A1-\1F\C2\A7\88`d\90\F4\B5\BEE}x", [16 x i8]* @"type_info::<*const TypeInfo>::name", i32 64, i8 8, i8 0 }
@"type_info::<*const *mut core::void>::name" = private unnamed_addr constant [23 x i8] c"*const *mut core::void\00"
@"type_info::<*const *mut core::void>" = private unnamed_addr constant %struct.MunTypeInfo { [16 x i8] c"\C5fO\BD\84\DF\06\BFd+\B1\9Abv\CE\00", [23 x i8]* @"type_info::<*const *mut core::void>::name", i32 64, i8 8, i8 0 }
@"type_info::<*mut core::void>::name" = private unnamed_addr constant [16 x i8] c"*mut core::void\00"
@"type_info::<*mut core::void>" = private unnamed_addr constant %struct.MunTypeInfo { [16 x i8] c"\F0Y\22\FC\95\9E\7F\CE\08T\B1\A2\CD\A7\FAz", [16 x i8]* @"type_info::<*mut core::void>::name", i32 64, i8 8, i8 0 }
@global_type_table = global [5 x %struct.MunTypeInfo addrspace(4)*] [%struct.MunTypeInfo addrspace(4)* @"type_info::<Foo>", %struct.MunTypeInfo addrspace(4)* @"type_info::<core::i32>", %struct.MunTypeInfo addrspace(4)* @"type_info::<*const TypeInfo>", %struct.MunTypeInfo addrspace(4)* @"type_info::<*const *mut core::void>", %struct.MunTypeInfo addrspace(4)* @"type_info::<*mut core::void>"]
@allocatorHandle = unnamed_addr global i8* null

