---
source: crates/mun_codegen/src/test.rs
expression: "pub fn negate(a: f64) -> f64 { -a }"
---
; == FILE IR =====================================
; ModuleID = 'main.mun'
source_filename = "main.mun"

%struct.MunTypeInfo = type { [16 x i8], i8*, i32, i8, i8 }

@global_type_table = external global [1 x %struct.MunTypeInfo*]

define double @negate(double) {
body:
  %neg = fsub double -0.000000e+00, %0
  ret double %neg
}


; == GROUP IR ====================================
; ModuleID = 'group_name'
source_filename = "group_name"

%struct.MunTypeInfo = type { [16 x i8], i8*, i32, i8, i8 }

@"type_info::<core::f64>::name" = private unnamed_addr constant [10 x i8] c"core::f64\00"
@"type_info::<core::f64>" = private unnamed_addr constant %struct.MunTypeInfo { [16 x i8] c"`\DBF\9C?YJ%G\AD4\9F\D5\92%A", [10 x i8]* @"type_info::<core::f64>::name", i32 64, i8 8, i8 0 }
@global_type_table = constant [1 x %struct.MunTypeInfo*] [%struct.MunTypeInfo* @"type_info::<core::f64>"]

