---
source: crates/mun_codegen/src/test.rs
expression: "extern fn other() -> i32;\n\nfn private_fn(a: i32) -> f32 {\n    private_fn(a)\n}\n\npub fn main() -> f32 {\n    private_fn(other())\n}"
---
; == FILE IR =====================================
; ModuleID = 'main.mun'
source_filename = "main.mun"

%DispatchTable = type { float (i32)*, i32 ()* }
%struct.MunTypeInfo = type { [16 x i8], i8*, i32, i8, i8 }

@dispatchTable = external global %DispatchTable
@global_type_table = external global [2 x %struct.MunTypeInfo*]

define float @private_fn(i32) {
body:
  %private_fn_ptr = load float (i32)*, float (i32)** getelementptr inbounds (%DispatchTable, %DispatchTable* @dispatchTable, i32 0, i32 0)
  %private_fn = call float %private_fn_ptr(i32 %0)
  ret float %private_fn
}

define float @main() {
body:
  %other_ptr = load i32 ()*, i32 ()** getelementptr inbounds (%DispatchTable, %DispatchTable* @dispatchTable, i32 0, i32 1)
  %other = call i32 %other_ptr()
  %private_fn_ptr = load float (i32)*, float (i32)** getelementptr inbounds (%DispatchTable, %DispatchTable* @dispatchTable, i32 0, i32 0)
  %private_fn = call float %private_fn_ptr(i32 %other)
  ret float %private_fn
}


; == GROUP IR ====================================
; ModuleID = 'group_name'
source_filename = "group_name"

%DispatchTable = type { float (i32)*, i32 ()* }
%struct.MunTypeInfo = type { [16 x i8], i8*, i32, i8, i8 }

@dispatchTable = global %DispatchTable { float (i32)* @private_fn, i32 ()* null }
@"type_info::<core::i32>::name" = private unnamed_addr constant [10 x i8] c"core::i32\00"
@"type_info::<core::i32>" = private unnamed_addr constant %struct.MunTypeInfo { [16 x i8] c"\17yzt\19\D62\17\D25\95C\17\88[\FA", [10 x i8]* @"type_info::<core::i32>::name", i32 32, i8 4, i8 0 }
@"type_info::<core::f32>::name" = private unnamed_addr constant [10 x i8] c"core::f32\00"
@"type_info::<core::f32>" = private unnamed_addr constant %struct.MunTypeInfo { [16 x i8] c"P\19b7\A8k\F2\81P\FB\83\F5P\B0\82!", [10 x i8]* @"type_info::<core::f32>::name", i32 32, i8 4, i8 0 }
@global_type_table = constant [2 x %struct.MunTypeInfo*] [%struct.MunTypeInfo* @"type_info::<core::i32>", %struct.MunTypeInfo* @"type_info::<core::f32>"]

declare float @private_fn(i32)

