---
source: crates/mun_codegen/src/test.rs
expression: "pub fn add(a: i64, b: i64) -> i64 { a + b }\npub fn subtract(a: i64, b: i64) -> i64 { a - b }\npub fn multiply(a: i64, b: i64) -> i64 { a * b }\npub fn divide(a: i64, b: i64) -> i64 { a / b }\npub fn remainder(a: i64, b: i64) -> i64 { a % b }"
---
; == FILE IR =====================================
; ModuleID = 'main.mun'
source_filename = "main.mun"

%struct.MunTypeInfo = type { [16 x i8], i8*, i32, i8, i8 }

@global_type_table = external global [1 x %struct.MunTypeInfo*]

define i64 @add(i64, i64) {
body:
  %add = add i64 %0, %1
  ret i64 %add
}

define i64 @subtract(i64, i64) {
body:
  %sub = sub i64 %0, %1
  ret i64 %sub
}

define i64 @multiply(i64, i64) {
body:
  %mul = mul i64 %0, %1
  ret i64 %mul
}

define i64 @divide(i64, i64) {
body:
  %div = sdiv i64 %0, %1
  ret i64 %div
}

define i64 @remainder(i64, i64) {
body:
  %rem = srem i64 %0, %1
  ret i64 %rem
}


; == GROUP IR ====================================
; ModuleID = 'group_name'
source_filename = "group_name"

%struct.MunTypeInfo = type { [16 x i8], i8*, i32, i8, i8 }

@"type_info::<core::i64>::name" = private unnamed_addr constant [10 x i8] c"core::i64\00"
@"type_info::<core::i64>" = private unnamed_addr constant %struct.MunTypeInfo { [16 x i8] c"G\13;t\97j8\18\D7M\83`\1D\C8\19%", [10 x i8]* @"type_info::<core::i64>::name", i32 64, i8 8, i8 0 }
@global_type_table = constant [1 x %struct.MunTypeInfo*] [%struct.MunTypeInfo* @"type_info::<core::i64>"]

